[www.alien.fi/index.html]
[backblue.gif]
[fade.gif]
[index.html]
[www.alien.fi/favicon.ico]
[www.alien.fi/logo.png]
[www.alien.fi/manifest.json]
[www.alien.fi/fonts/alien_league/alienleague.ttf]
[www.alien.fi/_next/static/css/32ee8ccb2fa46c5d.css]
[www.alien.fi/_next/static/chunks/polyfills-c67a75d1b6f99dc8.js]
[www.alien.fi/_next/static/chunks/webpack-61cbd9257b7a2287.js]
[www.alien.fi/_next/static/chunks/framework-523c2971fe2a2a24.js]
[www.alien.fi/_next/static/chunks/main-1e3aba452e579548.js]
[www.alien.fi/_next/static/chunks/pages/_app-d710e59c435879b7.js]
[www.alien.fi/_next/static/chunks/2edb282b-839b556289bfa5bb.js]
[www.alien.fi/_next/static/chunks/3909-92fa70664907abdc.js]
[www.alien.fi/_next/static/chunks/904-dd1ff362f11ec644.js]
[www.alien.fi/_next/static/chunks/pages/index-74f1899fc5e69657.js]
[www.alien.fi/_next/static/OALJvlzSVzPFnZ-5HQPou/_buildManifest.js]
[www.alien.fi/_next/static/OALJvlzSVzPFnZ-5HQPou/_ssgManifest.js]
[www.alien.fi/apps/web/public/fonts/alien_league/alienleaguebold.ttf]
[www.alien.fi/fonts/alien_league/alienleaguebold.ttf]
[www.alien.fi/index.html]
[www.alien.fi/404]
[www.alien.fi/_next/static/css/32ee8ccb2fa46c5d.css]
[www.alien.fi/apps/web/public/fonts/alien_league/404]
[www.alien.fi/fonts/alien-encounters-solid/Alien-Encounters-Solid-Regular.ttf]
